2026-08-30 19:24:06,008 INFO o.a.j.u.JMeterUtils: Setting Locale to en_EN
2026-08-30 19:24:06,026 INFO o.a.j.JMeter: Loading user properties from: C:\Users\cpshc\Downloads\apache-jmeter-5.6.3\apache-jmeter-5.6.3\bin\user.properties
2026-08-30 19:24:06,036 INFO o.a.j.JMeter: Loading system properties from: C:\Users\cpshc\Downloads\apache-jmeter-5.6.3\apache-jmeter-5.6.3\bin\system.properties
2026-08-30 19:24:06,036 INFO o.a.j.JMeter: Setting JMeter property: run_id=SO1
2026-08-30 19:24:06,039 INFO o.a.j.JMeter: Copyright (c) 1998-2024 The Apache Software Foundation
2026-08-30 19:24:06,039 INFO o.a.j.JMeter: Version 5.6.3
2026-08-30 19:24:06,039 INFO o.a.j.JMeter: java.version=17.0.16
2026-08-30 19:24:06,039 INFO o.a.j.JMeter: java.vm.name=OpenJDK 64-Bit Server VM
2026-08-30 19:24:06,039 INFO o.a.j.JMeter: os.name=Windows 11
2026-08-30 19:24:06,039 INFO o.a.j.JMeter: os.arch=amd64
2026-08-30 19:24:06,039 INFO o.a.j.JMeter: os.version=10.0
2026-08-30 19:24:06,039 INFO o.a.j.JMeter: file.encoding=Cp1252
2026-08-30 19:24:06,039 INFO o.a.j.JMeter: java.awt.headless=true
2026-08-30 19:24:06,039 INFO o.a.j.JMeter: Max memory     =1073741824
2026-08-30 19:24:06,039 INFO o.a.j.JMeter: Available Processors =16
2026-08-30 19:24:06,050 INFO o.a.j.JMeter: Default Locale=English (EN)
2026-08-30 19:24:06,050 INFO o.a.j.JMeter: JMeter  Locale=English (EN)
2026-08-30 19:24:06,050 INFO o.a.j.JMeter: JMeterHome=C:\Users\cpshc\Downloads\apache-jmeter-5.6.3\apache-jmeter-5.6.3
2026-08-30 19:24:06,050 INFO o.a.j.JMeter: user.dir  =C:\Users\cpshc\Y3\SoftwareTesting\SoftwareTesting-HW05\SoftwareTesting-HW05-23127104
2026-08-30 19:24:06,050 INFO o.a.j.JMeter: PWD       =C:\Users\cpshc\Y3\SoftwareTesting\SoftwareTesting-HW05\SoftwareTesting-HW05-23127104
2026-08-30 19:24:06,050 INFO o.a.j.JMeter: IP: 192.168.37.101 Name: DESKTOP-J4TEK5A FullName: DESKTOP-J4TEK5A
2026-08-30 19:24:06,062 INFO o.a.j.JMeter: Setting property 'jmeter.reportgenerator.outputdir' to:'C:\Users\cpshc\Y3\SoftwareTesting\SoftwareTesting-HW05\SoftwareTesting-HW05-23127104\results\soak-report'
2026-08-30 19:24:06,071 INFO o.a.j.s.FileServer: Default base='C:\Users\cpshc\Y3\SoftwareTesting\SoftwareTesting-HW05\SoftwareTesting-HW05-23127104'
2026-08-30 19:24:06,074 INFO o.a.j.s.FileServer: Set new base='C:\Users\cpshc\Y3\SoftwareTesting\SoftwareTesting-HW05\SoftwareTesting-HW05-23127104\jmeter'
2026-08-30 19:24:06,307 INFO o.a.j.s.SaveService: Testplan (JMX) version: 2.2. Testlog (JTL) version: 2.2
2026-08-30 19:24:06,341 INFO o.a.j.s.SaveService: Using SaveService properties version 5.0
2026-08-30 19:24:06,341 INFO o.a.j.s.SaveService: Using SaveService properties file encoding UTF-8
2026-08-30 19:24:06,355 INFO o.a.j.s.SaveService: Loading file: jmeter\23127104_Soak_20260830.jmx
2026-08-30 19:24:06,430 INFO o.a.j.p.h.s.HTTPSamplerBase: Parser for text/html is org.apache.jmeter.protocol.http.parser.LagartoBasedHtmlParser
2026-08-30 19:24:06,430 INFO o.a.j.p.h.s.HTTPSamplerBase: Parser for application/xhtml+xml is org.apache.jmeter.protocol.http.parser.LagartoBasedHtmlParser
2026-08-30 19:24:06,430 INFO o.a.j.p.h.s.HTTPSamplerBase: Parser for application/xml is org.apache.jmeter.protocol.http.parser.LagartoBasedHtmlParser
2026-08-30 19:24:06,432 INFO o.a.j.p.h.s.HTTPSamplerBase: Parser for text/xml is org.apache.jmeter.protocol.http.parser.LagartoBasedHtmlParser
2026-08-30 19:24:06,432 INFO o.a.j.p.h.s.HTTPSamplerBase: Parser for text/vnd.wap.wml is org.apache.jmeter.protocol.http.parser.RegexpHTMLParser
2026-08-30 19:24:06,432 INFO o.a.j.p.h.s.HTTPSamplerBase: Parser for text/css is org.apache.jmeter.protocol.http.parser.CssParser
2026-08-30 19:24:06,480 INFO o.a.j.JMeter: Creating summariser <summary>
2026-08-30 19:24:06,487 INFO o.a.j.r.d.ReportGenerator: ReportGenerator will use for Parsing the separator: ','
2026-08-30 19:24:06,487 INFO o.a.j.r.d.ReportGenerator: Will generate report at end of test from  results file: results/23127104_Soak_20260830.jtl
2026-08-30 19:24:06,487 INFO o.a.j.r.d.ReportGenerator: Reading report generator properties from: C:\Users\cpshc\Downloads\apache-jmeter-5.6.3\apache-jmeter-5.6.3\bin\reportgenerator.properties
2026-08-30 19:24:06,487 INFO o.a.j.r.d.ReportGenerator: Merging with JMeter properties
2026-08-30 19:24:06,494 INFO o.a.j.r.c.ReportGeneratorConfiguration: Property 'jmeter.reportgenerator.temp_dir' not found, using default value 'temp' instead.
2026-08-30 19:24:06,494 INFO o.a.j.r.c.ReportGeneratorConfiguration: Property 'jmeter.reportgenerator.apdex_per_transaction' not found, using default value 'null' instead.
2026-08-30 19:24:06,494 INFO o.a.j.r.c.ReportGeneratorConfiguration: apdex_per_transaction is empty, not APDEX per transaction customization
2026-08-30 19:24:06,494 INFO o.a.j.r.c.ReportGeneratorConfiguration: Property 'jmeter.reportgenerator.sample_filter' not found, using default value 'null' instead.
2026-08-30 19:24:06,494 INFO o.a.j.r.c.ReportGeneratorConfiguration: Property 'jmeter.reportgenerator.report_title' not found, using default value 'null' instead.
2026-08-30 19:24:06,494 INFO o.a.j.r.c.ReportGeneratorConfiguration: Property 'jmeter.reportgenerator.start_date' not found, using default value 'null' instead.
2026-08-30 19:24:06,494 INFO o.a.j.r.c.ReportGeneratorConfiguration: Property 'jmeter.reportgenerator.end_date' not found, using default value 'null' instead.
2026-08-30 19:24:06,494 INFO o.a.j.r.c.ReportGeneratorConfiguration: Property 'jmeter.reportgenerator.date_format' not found, using default value 'null' instead.
2026-08-30 19:24:06,494 INFO o.a.j.r.c.ReportGeneratorConfiguration: Will use date range start date: null, end date: null
2026-08-30 19:24:06,497 INFO o.a.j.r.c.ReportGeneratorConfiguration: Property 'jmeter.reportgenerator.graph.totalTPS.exclude_controllers' not found, using default value 'false' instead.
2026-08-30 19:24:06,497 INFO o.a.j.r.c.ReportGeneratorConfiguration: Property 'jmeter.reportgenerator.graph.activeThreadsOverTime.exclude_controllers' not found, using default value 'false' instead.
2026-08-30 19:24:06,497 INFO o.a.j.r.c.ReportGeneratorConfiguration: Property 'jmeter.reportgenerator.graph.timeVsThreads.exclude_controllers' not found, using default value 'false' instead.
2026-08-30 19:24:06,497 INFO o.a.j.r.c.ReportGeneratorConfiguration: Property 'jmeter.reportgenerator.graph.responseTimeDistribution.exclude_controllers' not found, using default value 'false' instead.
2026-08-30 19:24:06,497 INFO o.a.j.r.c.ReportGeneratorConfiguration: Property 'jmeter.reportgenerator.graph.transactionsPerSecond.exclude_controllers' not found, using default value 'false' instead.
2026-08-30 19:24:06,497 INFO o.a.j.r.c.ReportGeneratorConfiguration: Property 'jmeter.reportgenerator.graph.responseTimePercentiles.exclude_controllers' not found, using default value 'false' instead.
2026-08-30 19:24:06,497 INFO o.a.j.r.c.ReportGeneratorConfiguration: Property 'jmeter.reportgenerator.graph.responseTimePercentilesOverTime.exclude_controllers' not found, using default value 'false' instead.
2026-08-30 19:24:06,497 INFO o.a.j.r.c.ReportGeneratorConfiguration: Property 'jmeter.reportgenerator.graph.responseTimesOverTime.exclude_controllers' not found, using default value 'false' instead.
2026-08-30 19:24:06,497 INFO o.a.j.r.c.ReportGeneratorConfiguration: Property 'jmeter.reportgenerator.graph.connectTimeOverTime.exclude_controllers' not found, using default value 'false' instead.
2026-08-30 19:24:06,497 INFO o.a.j.r.c.ReportGeneratorConfiguration: Property 'jmeter.reportgenerator.graph.latenciesOverTime.exclude_controllers' not found, using default value 'false' instead.
2026-08-30 19:24:06,497 INFO o.a.j.r.c.ReportGeneratorConfiguration: Property 'jmeter.reportgenerator.exporter.json.filters_only_sample_series' not found, using default value 'true' instead.
2026-08-30 19:24:06,497 INFO o.a.j.r.c.ReportGeneratorConfiguration: Property 'jmeter.reportgenerator.exporter.json.series_filter' not found, using default value '' instead.
2026-08-30 19:24:06,497 INFO o.a.j.r.c.ReportGeneratorConfiguration: Property 'jmeter.reportgenerator.exporter.json.show_controllers_only' not found, using default value 'false' instead.
2026-08-30 19:24:06,497 INFO o.a.j.r.c.ReportGeneratorConfiguration: Property 'jmeter.reportgenerator.exporter.html.filters_only_sample_series' not found, using default value 'true' instead.
2026-08-30 19:24:06,497 INFO o.a.j.r.c.ReportGeneratorConfiguration: Property 'jmeter.reportgenerator.exporter.html.series_filter' not found, using default value '' instead.
2026-08-30 19:24:06,497 INFO o.a.j.r.c.ReportGeneratorConfiguration: Property 'jmeter.reportgenerator.exporter.html.show_controllers_only' not found, using default value 'false' instead.
2026-08-30 19:24:06,512 INFO o.a.j.e.StandardJMeterEngine: Running the test!
2026-08-30 19:24:06,512 INFO o.a.j.s.SampleEvent: List of sample_variables: []
2026-08-30 19:24:06,512 INFO o.a.j.s.SampleEvent: List of sample_variables: []
2026-08-30 19:24:06,521 INFO o.a.j.e.u.CompoundVariable: Note: Function class names must contain the string: '.functions.'
2026-08-30 19:24:06,521 INFO o.a.j.e.u.CompoundVariable: Note: Function class names must not contain the string: '.gui.'
2026-08-30 19:24:06,586 INFO o.a.j.JMeter: Running test (1788092646586)
2026-08-30 19:24:06,606 INFO o.a.j.e.StandardJMeterEngine: Starting ThreadGroup: 1 : Soak: 10 VU CANDIDATE (tam dung muc Load, xac nhan lai sau Stress that), ramp 20s, hold 12min
2026-08-30 19:24:06,606 INFO o.a.j.e.StandardJMeterEngine: Starting 10 threads for group Soak: 10 VU CANDIDATE (tam dung muc Load, xac nhan lai sau Stress that), ramp 20s, hold 12min.
2026-08-30 19:24:06,606 INFO o.a.j.e.StandardJMeterEngine: Thread will continue on error
2026-08-30 19:24:06,606 INFO o.a.j.t.ThreadGroup: Starting thread group... number=1 threads=10 ramp-up=20 delayedStart=false
2026-08-30 19:24:06,635 INFO o.a.j.t.ThreadGroup: Started thread group number 1
2026-08-30 19:24:06,636 INFO o.a.j.e.StandardJMeterEngine: All thread groups have been started
2026-08-30 19:24:06,693 INFO o.a.j.t.JMeterThread: Thread started: Soak: 10 VU CANDIDATE (tam dung muc Load, xac nhan lai sau Stress that), ramp 20s, hold 12min 1-1
2026-08-30 19:24:06,694 INFO o.a.j.s.FileServer: Stored: test-data/admin_credentials.csv
2026-08-30 19:24:07,833 INFO o.a.j.p.h.s.HTTPHCAbstractImpl: Local host = DESKTOP-J4TEK5A
2026-08-30 19:24:07,841 INFO o.a.j.p.h.s.HTTPHC4Impl: HTTP request retry count = 0
2026-08-30 19:24:07,843 INFO o.a.j.s.SampleResult: Note: Sample TimeStamps are START times
2026-08-30 19:24:07,843 INFO o.a.j.s.SampleResult: sampleresult.default.encoding is set to UTF-8
2026-08-30 19:24:07,843 INFO o.a.j.s.SampleResult: sampleresult.useNanoTime=true
2026-08-30 19:24:07,844 INFO o.a.j.s.SampleResult: sampleresult.nanoThreadSleep=5000
2026-08-30 19:24:08,687 INFO o.a.j.t.JMeterThread: Thread started: Soak: 10 VU CANDIDATE (tam dung muc Load, xac nhan lai sau Stress that), ramp 20s, hold 12min 1-2
2026-08-30 19:24:10,687 INFO o.a.j.t.JMeterThread: Thread started: Soak: 10 VU CANDIDATE (tam dung muc Load, xac nhan lai sau Stress that), ramp 20s, hold 12min 1-3
2026-08-30 19:24:12,683 INFO o.a.j.t.JMeterThread: Thread started: Soak: 10 VU CANDIDATE (tam dung muc Load, xac nhan lai sau Stress that), ramp 20s, hold 12min 1-4
2026-08-30 19:24:14,680 INFO o.a.j.t.JMeterThread: Thread started: Soak: 10 VU CANDIDATE (tam dung muc Load, xac nhan lai sau Stress that), ramp 20s, hold 12min 1-5
2026-08-30 19:24:16,678 INFO o.a.j.t.JMeterThread: Thread started: Soak: 10 VU CANDIDATE (tam dung muc Load, xac nhan lai sau Stress that), ramp 20s, hold 12min 1-6
2026-08-30 19:24:18,669 INFO o.a.j.t.JMeterThread: Thread started: Soak: 10 VU CANDIDATE (tam dung muc Load, xac nhan lai sau Stress that), ramp 20s, hold 12min 1-7
2026-08-30 19:24:20,668 INFO o.a.j.t.JMeterThread: Thread started: Soak: 10 VU CANDIDATE (tam dung muc Load, xac nhan lai sau Stress that), ramp 20s, hold 12min 1-8
2026-08-30 19:24:22,666 INFO o.a.j.t.JMeterThread: Thread started: Soak: 10 VU CANDIDATE (tam dung muc Load, xac nhan lai sau Stress that), ramp 20s, hold 12min 1-9
2026-08-30 19:24:24,665 INFO o.a.j.t.JMeterThread: Thread started: Soak: 10 VU CANDIDATE (tam dung muc Load, xac nhan lai sau Stress that), ramp 20s, hold 12min 1-10
2026-08-30 19:24:30,056 INFO o.a.j.r.Summariser: summary +    110 in 00:00:23 =    4.7/s Avg:     8 Min:     2 Max:    74 Err:     0 (0.00%) Active: 10 Started: 10 Finished: 0
2026-08-30 19:25:00,108 INFO o.a.j.r.Summariser: summary +    238 in 00:00:30 =    7.9/s Avg:     7 Min:     1 Max:    22 Err:     0 (0.00%) Active: 10 Started: 10 Finished: 0
2026-08-30 19:25:00,109 INFO o.a.j.r.Summariser: summary =    348 in 00:00:54 =    6.5/s Avg:     7 Min:     1 Max:    74 Err:     0 (0.00%)
2026-08-30 19:25:30,106 INFO o.a.j.r.Summariser: summary +    238 in 00:00:30 =    7.9/s Avg:     7 Min:     2 Max:    24 Err:     0 (0.00%) Active: 10 Started: 10 Finished: 0
2026-08-30 19:25:30,107 INFO o.a.j.r.Summariser: summary =    586 in 00:01:24 =    7.0/s Avg:     7 Min:     1 Max:    74 Err:     0 (0.00%)
2026-08-30 19:26:00,110 INFO o.a.j.r.Summariser: summary +    240 in 00:00:30 =    8.0/s Avg:     6 Min:     1 Max:    34 Err:     0 (0.00%) Active: 10 Started: 10 Finished: 0
2026-08-30 19:26:00,111 INFO o.a.j.r.Summariser: summary =    826 in 00:01:54 =    7.3/s Avg:     7 Min:     1 Max:    74 Err:     0 (0.00%)
2026-08-30 19:26:30,121 INFO o.a.j.r.Summariser: summary +    238 in 00:00:30 =    7.9/s Avg:     7 Min:     1 Max:    46 Err:     0 (0.00%) Active: 10 Started: 10 Finished: 0
2026-08-30 19:26:30,122 INFO o.a.j.r.Summariser: summary =   1064 in 00:02:24 =    7.4/s Avg:     7 Min:     1 Max:    74 Err:     0 (0.00%)
2026-08-30 19:27:00,102 INFO o.a.j.r.Summariser: summary +    240 in 00:00:30 =    8.0/s Avg:     6 Min:     1 Max:    21 Err:     0 (0.00%) Active: 10 Started: 10 Finished: 0
2026-08-30 19:27:00,103 INFO o.a.j.r.Summariser: summary =   1304 in 00:02:54 =    7.5/s Avg:     7 Min:     1 Max:    74 Err:     0 (0.00%)
2026-08-30 19:27:30,054 INFO o.a.j.r.Summariser: summary +    236 in 00:00:30 =    7.9/s Avg:     7 Min:     1 Max:    45 Err:     0 (0.00%) Active: 10 Started: 10 Finished: 0
2026-08-30 19:27:30,056 INFO o.a.j.r.Summariser: summary =   1540 in 00:03:23 =    7.6/s Avg:     7 Min:     1 Max:    74 Err:     0 (0.00%)
2026-08-30 19:28:00,023 INFO o.a.j.r.Summariser: summary +    237 in 00:00:30 =    7.9/s Avg:     7 Min:     1 Max:    29 Err:     0 (0.00%) Active: 10 Started: 10 Finished: 0
2026-08-30 19:28:00,023 INFO o.a.j.r.Summariser: summary =   1777 in 00:03:53 =    7.6/s Avg:     7 Min:     1 Max:    74 Err:     0 (0.00%)
2026-08-30 19:28:30,090 INFO o.a.j.r.Summariser: summary +    236 in 00:00:30 =    7.8/s Avg:     7 Min:     1 Max:    27 Err:     0 (0.00%) Active: 10 Started: 10 Finished: 0
2026-08-30 19:28:30,090 INFO o.a.j.r.Summariser: summary =   2013 in 00:04:24 =    7.6/s Avg:     7 Min:     1 Max:    74 Err:     0 (0.00%)
2026-08-30 19:29:00,004 INFO o.a.j.r.Summariser: summary +    237 in 00:00:30 =    7.9/s Avg:     7 Min:     1 Max:    40 Err:     0 (0.00%) Active: 10 Started: 10 Finished: 0
2026-08-30 19:29:00,004 INFO o.a.j.r.Summariser: summary =   2250 in 00:04:53 =    7.7/s Avg:     7 Min:     1 Max:    74 Err:     0 (0.00%)
2026-08-30 19:29:30,010 INFO o.a.j.r.Summariser: summary +    232 in 00:00:30 =    7.7/s Avg:     8 Min:     1 Max:    33 Err:     0 (0.00%) Active: 10 Started: 10 Finished: 0
2026-08-30 19:29:30,011 INFO o.a.j.r.Summariser: summary =   2482 in 00:05:23 =    7.7/s Avg:     7 Min:     1 Max:    74 Err:     0 (0.00%)
2026-08-30 19:30:00,010 INFO o.a.j.r.Summariser: summary +    236 in 00:00:30 =    7.9/s Avg:     8 Min:     1 Max:    43 Err:     0 (0.00%) Active: 10 Started: 10 Finished: 0
2026-08-30 19:30:00,012 INFO o.a.j.r.Summariser: summary =   2718 in 00:05:53 =    7.7/s Avg:     7 Min:     1 Max:    74 Err:     0 (0.00%)
2026-08-30 19:30:30,061 INFO o.a.j.r.Summariser: summary +    242 in 00:00:30 =    8.1/s Avg:     7 Min:     1 Max:    36 Err:     0 (0.00%) Active: 10 Started: 10 Finished: 0
2026-08-30 19:30:30,062 INFO o.a.j.r.Summariser: summary =   2960 in 00:06:23 =    7.7/s Avg:     7 Min:     1 Max:    74 Err:     0 (0.00%)
2026-08-30 19:31:00,028 INFO o.a.j.r.Summariser: summary +    238 in 00:00:30 =    7.9/s Avg:     6 Min:     1 Max:    29 Err:     0 (0.00%) Active: 10 Started: 10 Finished: 0
2026-08-30 19:31:00,029 INFO o.a.j.r.Summariser: summary =   3198 in 00:06:53 =    7.7/s Avg:     7 Min:     1 Max:    74 Err:     0 (0.00%)
2026-08-30 19:31:30,006 INFO o.a.j.r.Summariser: summary +    237 in 00:00:30 =    7.9/s Avg:     6 Min:     1 Max:    17 Err:     0 (0.00%) Active: 10 Started: 10 Finished: 0
2026-08-30 19:31:30,007 INFO o.a.j.r.Summariser: summary =   3435 in 00:07:23 =    7.7/s Avg:     7 Min:     1 Max:    74 Err:     0 (0.00%)
2026-08-30 19:32:00,288 INFO o.a.j.r.Summariser: summary +    240 in 00:00:30 =    7.9/s Avg:     7 Min:     1 Max:    31 Err:     0 (0.00%) Active: 10 Started: 10 Finished: 0
2026-08-30 19:32:00,289 INFO o.a.j.r.Summariser: summary =   3675 in 00:07:54 =    7.8/s Avg:     7 Min:     1 Max:    74 Err:     0 (0.00%)
2026-08-30 19:32:30,194 INFO o.a.j.r.Summariser: summary +    240 in 00:00:30 =    8.0/s Avg:     6 Min:     1 Max:    19 Err:     0 (0.00%) Active: 10 Started: 10 Finished: 0
2026-08-30 19:32:30,195 INFO o.a.j.r.Summariser: summary =   3915 in 00:08:24 =    7.8/s Avg:     7 Min:     1 Max:    74 Err:     0 (0.00%)
2026-08-30 19:33:00,058 INFO o.a.j.r.Summariser: summary +    239 in 00:00:30 =    8.0/s Avg:     6 Min:     1 Max:    30 Err:     0 (0.00%) Active: 10 Started: 10 Finished: 0
2026-08-30 19:33:00,059 INFO o.a.j.r.Summariser: summary =   4154 in 00:08:53 =    7.8/s Avg:     7 Min:     1 Max:    74 Err:     0 (0.00%)
2026-08-30 19:33:30,039 INFO o.a.j.r.Summariser: summary +    236 in 00:00:30 =    7.9/s Avg:     7 Min:     1 Max:    33 Err:     0 (0.00%) Active: 10 Started: 10 Finished: 0
2026-08-30 19:33:30,039 INFO o.a.j.r.Summariser: summary =   4390 in 00:09:23 =    7.8/s Avg:     7 Min:     1 Max:    74 Err:     0 (0.00%)
2026-08-30 19:34:00,017 INFO o.a.j.r.Summariser: summary +    238 in 00:00:30 =    7.9/s Avg:     8 Min:     1 Max:    35 Err:     0 (0.00%) Active: 10 Started: 10 Finished: 0
2026-08-30 19:34:00,018 INFO o.a.j.r.Summariser: summary =   4628 in 00:09:53 =    7.8/s Avg:     7 Min:     1 Max:    74 Err:     0 (0.00%)
2026-08-30 19:34:30,040 INFO o.a.j.r.Summariser: summary +    234 in 00:00:30 =    7.8/s Avg:     8 Min:     1 Max:    63 Err:     0 (0.00%) Active: 10 Started: 10 Finished: 0
2026-08-30 19:34:30,040 INFO o.a.j.r.Summariser: summary =   4862 in 00:10:23 =    7.8/s Avg:     7 Min:     1 Max:    74 Err:     0 (0.00%)
2026-08-30 19:35:00,085 INFO o.a.j.r.Summariser: summary +    239 in 00:00:30 =    8.0/s Avg:     8 Min:     1 Max:    45 Err:     0 (0.00%) Active: 10 Started: 10 Finished: 0
2026-08-30 19:35:00,085 INFO o.a.j.r.Summariser: summary =   5101 in 00:10:53 =    7.8/s Avg:     7 Min:     1 Max:    74 Err:     0 (0.00%)
2026-08-30 19:35:30,299 INFO o.a.j.r.Summariser: summary +    239 in 00:00:30 =    7.9/s Avg:     6 Min:     1 Max:    29 Err:     0 (0.00%) Active: 10 Started: 10 Finished: 0
2026-08-30 19:35:30,300 INFO o.a.j.r.Summariser: summary =   5340 in 00:11:24 =    7.8/s Avg:     7 Min:     1 Max:    74 Err:     0 (0.00%)
2026-08-30 19:36:00,005 INFO o.a.j.r.Summariser: summary +    241 in 00:00:30 =    8.1/s Avg:     8 Min:     1 Max:    32 Err:     0 (0.00%) Active: 10 Started: 10 Finished: 0
2026-08-30 19:36:00,007 INFO o.a.j.r.Summariser: summary =   5581 in 00:11:53 =    7.8/s Avg:     7 Min:     1 Max:    74 Err:     0 (0.00%)
2026-08-30 19:36:05,510 INFO o.a.j.t.JMeterThread: Thread finished: Soak: 10 VU CANDIDATE (tam dung muc Load, xac nhan lai sau Stress that), ramp 20s, hold 12min 1-1
2026-08-30 19:36:05,545 INFO o.a.j.t.JMeterThread: Thread finished: Soak: 10 VU CANDIDATE (tam dung muc Load, xac nhan lai sau Stress that), ramp 20s, hold 12min 1-10
2026-08-30 19:36:05,654 INFO o.a.j.t.JMeterThread: Thread finished: Soak: 10 VU CANDIDATE (tam dung muc Load, xac nhan lai sau Stress that), ramp 20s, hold 12min 1-6
2026-08-30 19:36:05,676 INFO o.a.j.t.JMeterThread: Thread finished: Soak: 10 VU CANDIDATE (tam dung muc Load, xac nhan lai sau Stress that), ramp 20s, hold 12min 1-7
2026-08-30 19:36:05,955 INFO o.a.j.t.JMeterThread: Thread finished: Soak: 10 VU CANDIDATE (tam dung muc Load, xac nhan lai sau Stress that), ramp 20s, hold 12min 1-4
2026-08-30 19:36:06,145 INFO o.a.j.t.JMeterThread: Thread finished: Soak: 10 VU CANDIDATE (tam dung muc Load, xac nhan lai sau Stress that), ramp 20s, hold 12min 1-9
2026-08-30 19:36:06,272 INFO o.a.j.t.JMeterThread: Thread finished: Soak: 10 VU CANDIDATE (tam dung muc Load, xac nhan lai sau Stress that), ramp 20s, hold 12min 1-5
2026-08-30 19:36:06,523 INFO o.a.j.t.JMeterThread: Thread finished: Soak: 10 VU CANDIDATE (tam dung muc Load, xac nhan lai sau Stress that), ramp 20s, hold 12min 1-3
2026-08-30 19:36:06,540 INFO o.a.j.t.JMeterThread: Thread finished: Soak: 10 VU CANDIDATE (tam dung muc Load, xac nhan lai sau Stress that), ramp 20s, hold 12min 1-8
2026-08-30 19:36:06,587 INFO o.a.j.t.JMeterThread: Thread finished: Soak: 10 VU CANDIDATE (tam dung muc Load, xac nhan lai sau Stress that), ramp 20s, hold 12min 1-2
2026-08-30 19:36:06,587 INFO o.a.j.e.StandardJMeterEngine: Notifying test listeners of end of test
2026-08-30 19:36:06,587 INFO o.a.j.s.FileServer: Close: test-data/admin_credentials.csv
2026-08-30 19:36:06,587 INFO o.a.j.r.Summariser: summary +     53 in 00:00:07 =    8.1/s Avg:     9 Min:     2 Max:    33 Err:     0 (0.00%) Active: 0 Started: 10 Finished: 10
2026-08-30 19:36:06,587 INFO o.a.j.r.Summariser: summary =   5634 in 00:12:00 =    7.8/s Avg:     7 Min:     1 Max:    74 Err:     0 (0.00%)
2026-08-30 19:36:06,587 INFO o.a.j.JMeter: Generating Dashboard
2026-08-30 19:36:06,587 INFO o.a.j.r.d.ReportGenerator: Flushing result collector before report Generation
2026-08-30 19:36:06,644 INFO o.a.j.r.p.NormalizerSampleConsumer: Using format, 'ms', to parse timeStamp field
2026-08-30 19:36:07,013 INFO o.a.j.r.p.AbstractSampleConsumer: class org.apache.jmeter.report.processor.AggregateConsumer#stopProducing(): beginDate produced 0 samples
2026-08-30 19:36:07,013 INFO o.a.j.r.p.AbstractSampleConsumer: class org.apache.jmeter.report.processor.AggregateConsumer#stopProducing(): endDate produced 0 samples
2026-08-30 19:36:07,026 INFO o.a.j.r.p.AbstractSampleConsumer: class org.apache.jmeter.report.processor.ApdexSummaryConsumer#stopProducing(): apdexSummary produced 0 samples
2026-08-30 19:36:07,026 INFO o.a.j.r.p.AbstractSampleConsumer: class org.apache.jmeter.report.processor.RequestsSummaryConsumer#stopProducing(): requestsSummary produced 0 samples
2026-08-30 19:36:07,043 INFO o.a.j.r.p.AbstractSampleConsumer: class org.apache.jmeter.report.processor.StatisticsSummaryConsumer#stopProducing(): statisticsSummary produced 0 samples
2026-08-30 19:36:07,043 INFO o.a.j.r.p.AbstractSampleConsumer: class org.apache.jmeter.report.processor.Top5ErrorsBySamplerConsumer#stopProducing(): top5ErrorsBySampler produced 0 samples
2026-08-30 19:36:07,043 INFO o.a.j.r.p.AbstractSampleConsumer: class org.apache.jmeter.report.processor.ErrorsSummaryConsumer#stopProducing(): errorsSummary produced 0 samples
2026-08-30 19:36:07,043 INFO o.a.j.r.p.AbstractSampleConsumer: class org.apache.jmeter.report.processor.graph.impl.HitsPerSecondGraphConsumer#stopProducing(): hitsPerSecond produced 0 samples
2026-08-30 19:36:07,169 INFO o.a.j.r.p.AbstractSampleConsumer: class org.apache.jmeter.report.processor.graph.impl.LatencyVSRequestGraphConsumer#stopProducing(): latencyVsRequest produced 0 samples
2026-08-30 19:36:07,170 INFO o.a.j.r.p.AbstractSampleConsumer: class org.apache.jmeter.report.processor.graph.impl.SyntheticResponseTimeDistributionGraphConsumer#stopProducing(): syntheticResponseTimeDistribution produced 0 samples
2026-08-30 19:36:07,171 INFO o.a.j.r.p.AbstractSampleConsumer: class org.apache.jmeter.report.processor.graph.impl.BytesThroughputGraphConsumer#stopProducing(): bytesThroughputOverTime produced 0 samples
2026-08-30 19:36:07,171 INFO o.a.j.r.p.AbstractSampleConsumer: class org.apache.jmeter.report.processor.graph.impl.CodesPerSecondGraphConsumer#stopProducing(): codesPerSecond produced 0 samples
2026-08-30 19:36:07,273 INFO o.a.j.r.p.AbstractSampleConsumer: class org.apache.jmeter.report.processor.graph.impl.ResponseTimeVSRequestGraphConsumer#stopProducing(): responseTimeVsRequest produced 0 samples
2026-08-30 19:36:07,273 INFO o.a.j.r.p.AbstractSampleConsumer: class org.apache.jmeter.report.processor.FilterConsumer#stopProducing(): startIntervalControlerFilter produced 39438 samples
2026-08-30 19:36:07,273 INFO o.a.j.r.p.AbstractSampleConsumer: class org.apache.jmeter.report.processor.graph.impl.TotalTPSGraphConsumer#stopProducing(): totalTPS produced 0 samples
2026-08-30 19:36:07,273 INFO o.a.j.r.p.AbstractSampleConsumer: class org.apache.jmeter.report.processor.graph.impl.ActiveThreadsGraphConsumer#stopProducing(): activeThreadsOverTime produced 0 samples
2026-08-30 19:36:07,273 INFO o.a.j.r.p.AbstractSampleConsumer: class org.apache.jmeter.report.processor.graph.impl.TimeVSThreadGraphConsumer#stopProducing(): timeVsThreads produced 0 samples
2026-08-30 19:36:07,273 INFO o.a.j.r.p.AbstractSampleConsumer: class org.apache.jmeter.report.processor.graph.impl.ResponseTimeDistributionGraphConsumer#stopProducing(): responseTimeDistribution produced 0 samples
2026-08-30 19:36:07,273 INFO o.a.j.r.p.AbstractSampleConsumer: class org.apache.jmeter.report.processor.graph.impl.TransactionsPerSecondGraphConsumer#stopProducing(): transactionsPerSecond produced 0 samples
2026-08-30 19:36:07,273 INFO o.a.j.r.p.AbstractSampleConsumer: class org.apache.jmeter.report.processor.graph.impl.ResponseTimePercentilesGraphConsumer#stopProducing(): responseTimePercentiles produced 0 samples
2026-08-30 19:36:07,280 INFO o.a.j.r.p.AbstractSampleConsumer: class org.apache.jmeter.report.processor.graph.impl.ResponseTimePercentilesOverTimeGraphConsumer#stopProducing(): responseTimePercentilesOverTime produced 0 samples
2026-08-30 19:36:07,280 INFO o.a.j.r.p.AbstractSampleConsumer: class org.apache.jmeter.report.processor.graph.impl.ResponseTimeOverTimeGraphConsumer#stopProducing(): responseTimesOverTime produced 0 samples
2026-08-30 19:36:07,280 INFO o.a.j.r.p.AbstractSampleConsumer: class org.apache.jmeter.report.processor.graph.impl.ConnectTimeOverTimeGraphConsumer#stopProducing(): connectTimeOverTime produced 0 samples
2026-08-30 19:36:07,280 INFO o.a.j.r.p.AbstractSampleConsumer: class org.apache.jmeter.report.processor.graph.impl.LatencyOverTimeGraphConsumer#stopProducing(): latenciesOverTime produced 0 samples
2026-08-30 19:36:07,280 INFO o.a.j.r.p.AbstractSampleConsumer: class org.apache.jmeter.report.processor.FilterConsumer#stopProducing(): nameFilter produced 84510 samples
2026-08-30 19:36:07,280 INFO o.a.j.r.p.AbstractSampleConsumer: class org.apache.jmeter.report.processor.FilterConsumer#stopProducing(): dateRangeFilter produced 16902 samples
2026-08-30 19:36:07,280 INFO o.a.j.r.p.AbstractSampleConsumer: class org.apache.jmeter.report.processor.NormalizerSampleConsumer#stopProducing(): normalizer produced 5634 samples
2026-08-30 19:36:07,280 INFO o.a.j.r.p.CsvFileSampleSource: produce(): 5634 samples produced in 609ms on channel 0
2026-08-30 19:36:07,287 INFO o.a.j.r.d.ReportGenerator: Exporting data using exporter:'json' of className:'org.apache.jmeter.report.dashboard.JsonExporter'
2026-08-30 19:36:07,388 INFO o.a.j.r.d.JsonExporter: Found data for consumer statisticsSummary in context
2026-08-30 19:36:07,388 INFO o.a.j.r.d.JsonExporter: Creating statistics for overall
2026-08-30 19:36:07,388 INFO o.a.j.r.d.JsonExporter: Creating statistics for other transactions
2026-08-30 19:36:07,388 INFO o.a.j.r.d.JsonExporter: Checking output folder
2026-08-30 19:36:07,388 INFO o.a.j.r.d.JsonExporter: Writing statistics JSON to C:\Users\cpshc\Y3\SoftwareTesting\SoftwareTesting-HW05\SoftwareTesting-HW05-23127104\results\soak-report\statistics.json
2026-08-30 19:36:07,452 INFO o.a.j.r.d.ReportGenerator: Exporting data using exporter:'html' of className:'org.apache.jmeter.report.dashboard.HtmlTemplateExporter'
2026-08-30 19:36:07,452 INFO o.a.j.r.d.HtmlTemplateExporter: Will generate dashboard in folder: C:\Users\cpshc\Y3\SoftwareTesting\SoftwareTesting-HW05\SoftwareTesting-HW05-23127104\results\soak-report
2026-08-30 19:36:07,673 INFO o.a.j.r.d.HtmlTemplateExporter: Report will be generated in: C:\Users\cpshc\Y3\SoftwareTesting\SoftwareTesting-HW05\SoftwareTesting-HW05-23127104\results\soak-report, creating folder structure
2026-08-30 19:36:07,673 INFO o.a.j.r.d.TemplateVisitor: Copying folder from 'C:\Users\cpshc\Downloads\apache-jmeter-5.6.3\apache-jmeter-5.6.3\bin\report-template' to 'C:\Users\cpshc\Y3\SoftwareTesting\SoftwareTesting-HW05\SoftwareTesting-HW05-23127104\results\soak-report', got message: C:\Users\cpshc\Y3\SoftwareTesting\SoftwareTesting-HW05\SoftwareTesting-HW05-23127104\results\soak-report, found non empty folder with following content [C:\Users\cpshc\Y3\SoftwareTesting\SoftwareTesting-HW05\SoftwareTesting-HW05-23127104\results\soak-report\statistics.json], will be ignored
2026-08-30 19:36:08,118 INFO o.a.j.JMeter: Dashboard generated
